═══════════════════════════════════════════════════════════════
  Yodla загрузчик видео
═══════════════════════════════════════════════════════════════

[1/88] (UZ) Кириш асосий тушунчалар
  → Попытка 1 ...
  ✓ Сохранено: 01_Кириш асосий тушунчалар.mp4 (106 MB)
[2/88] (UZ) Умумий қоидалар
  → Попытка 1 ...
  ⚠ Размер не совпадает: 0 из 125458150, повтор...
  → Попытка 2 ...
  ⚠ Размер не совпадает: 0 из 125458150, повтор...
  → Попытка 3 ...
  ⚠ Размер не совпадает: 0 из 125458150, повтор...
  → Попытка 4 ...
  ⚠ Размер не совпадает: 0 из 125458150, повтор...
  → Попытка 5 ...
  ⚠ Размер не совпадает: 0 из 125458150, повтор...
[3/88] (UZ) Ҳайдовчиларнинг умумий вазифалари
  → Попытка 1 ...
  ⚠ Размер не совпадает: 0 из 34615437, повтор...
  → Попытка 2 ...
  ⚠ Размер не совпадает: 0 из 34615437, повтор...
  → Попытка 3 ...
  ⚠ Размер не совпадает: 0 из 34615437, повтор...
  → Попытка 4 ...
  ⚠ Размер не совпадает: 0 из 34615437, повтор...
  → Попытка 5 ...
  ⚠ Размер не совпадает: 0 из 34615437, повтор...
[4/88] (UZ) Пиёдаларнинг умумий вазифалари
  → Попытка 1 ...
  ✓ Сохранено: 04_Пиёдаларнинг умумий вазифалари.mp4 (51 MB)
[5/88] (UZ) Махсус транспорт воситаларининг имтиёзлари
  → Попытка 1 ...
  ✓ Сохранено: 05_Махсус транспорт воситаларининг имтиёзлари.mp4 (24 MB)
[6/88] (UZ) Огоҳлантирувчи белгилар
  → Попытка 1 ...
  ⚠ Размер не совпадает: 0 из 80810692, повтор...
  → Попытка 2 ...
  ⚠ Размер не совпадает: 0 из 80810692, повтор...
  → Попытка 3 ...
  ⚠ Размер не совпадает: 0 из 80810692, повтор...
  → Попытка 4 ...
  ⚠ Размер не совпадает: 0 из 80810692, повтор...
  → Попытка 5 ...
  ⚠ Размер не совпадает: 0 из 80810692, повтор...
[7/88] (UZ) Имтиёз белгилар
  → Попытка 1 ...
  ✓ Сохранено: 07_Имтиёз белгилар.mp4 (48 MB)
[8/88] (UZ) Тақиқловчи белгилари
  → Попытка 1 ...
  ⚠ Размер не совпадает: 0 из 169944585, повтор...
  → Попытка 2 ...
  ⚠ Размер не совпадает: 0 из 169944585, повтор...
  → Попытка 3 ...
  ⚠ Размер не совпадает: 0 из 169944585, повтор...
  → Попытка 4 ...
  ⚠ Размер не совпадает: 0 из 169944585, повтор...
  → Попытка 5 ...
  ⚠ Размер не совпадает: 0 из 169944585, повтор...
[9/88] (UZ) Буюрувчи белгилар
  → Попытка 1 ...
  ✓ Сохранено: 09_Буюрувчи белгилар.mp4 (106 MB)
[10/88] (UZ) Ахборот кўрсатгич белгилари
  → Попытка 1 ...
  ✓ Сохранено: 10_Ахборот кўрсатгич белгилари.mp4 (185 MB)
[11/88] (UZ) Сервис ва қўшимча ахборот белгилари
  → Попытка 1 ...
  ⚠ Размер не совпадает: 0 из 104862170, повтор...
  → Попытка 2 ...
  ⚠ Размер не совпадает: 0 из 104862170, повтор...
  → Попытка 3 ...
  ⚠ Размер не совпадает: 0 из 104862170, повтор...
  → Попытка 4 ...
  ⚠ Размер не совпадает: 0 из 104862170, повтор...
  → Попытка 5 ...
  ⚠ Размер не совпадает: 0 из 104862170, повтор...
[12/88] (UZ) Ётиқ чизиқлар
  → Попытка 1 ...
  ⚠ Размер не совпадает: 0 из 228378797, повтор...
  → Попытка 2 ...
  ⚠ Размер не совпадает: 0 из 228378797, повтор...
  → Попытка 3 ...
  ⚠ Размер не совпадает: 0 из 228378797, повтор...
  → Попытка 4 ...
  ⚠ Размер не совпадает: 0 из 228378797, повтор...
  → Попытка 5 ...
  ⚠ Размер не совпадает: 0 из 228378797, повтор...
[13/88] (UZ) Тик чизиқлар
  → Попытка 1 ...
  ⚠ Размер не совпадает: 0 из 10676466, повтор...
  → Попытка 2 ...
  ⚠ Размер не совпадает: 0 из 10676466, повтор...
  → Попытка 3 ...
  ⚠ Размер не совпадает: 0 из 10676466, повтор...
  → Попытка 4 ...
  ⚠ Размер не совпадает: 0 из 10676466, повтор...
  → Попытка 5 ...
  ⚠ Размер не совпадает: 0 из 10676466, повтор...
[14/88] (UZ) Светофор ишоралари
  → Попытка 1 ...
  ✓ Сохранено: 14_Светофор ишоралари.mp4 (103 MB)
[15/88] (UZ) Тартибга солувчининг ишоралари
  → Попытка 1 ...
  ✓ Сохранено: 15_Тартибга солувчининг ишоралари.mp4 (85 MB)
[16/88] (UZ) Огоҳлантирувчи ва авария ишоралари
  → Попытка 1 ...
  ⚠ Размер не совпадает: 0 из 66183885, повтор...
  → Попытка 2 ...
  ⚠ Размер не совпадает: 0 из 66183885, повтор...
  → Попытка 3 ...
  ⚠ Размер не совпадает: 0 из 66183885, повтор...
  → Попытка 4 ...
  ⚠ Размер не совпадает: 0 из 66183885, повтор...
  → Попытка 5 ...
  ⚠ Размер не совпадает: 0 из 66183885, повтор...
[17/88] (UZ) Ҳаракатланишни бошлаш маневр қилиш
  → Попытка 1 ...
  ⚠ Размер не совпадает: 0 из 153808154, повтор...
  → Попытка 2 ...
  ⚠ Размер не совпадает: 0 из 153808154, повтор...
  → Попытка 3 ...
  ⚠ Размер не совпадает: 0 из 153808154, повтор...
  → Попытка 4 ...
  ⚠ Размер не совпадает: 0 из 153808154, повтор...
  → Попытка 5 ...
  ⚠ Размер не совпадает: 0 из 153808154, повтор...
[18/88] (UZ) Йўлning қатнов қисмида транспорт воситаларининг жойлашуви
  → Попытка 1 ...
  ⚠ Размер не совпадает: 0 из 89002427, повтор...
  → Попытка 2 ...
  ⚠ Размер не совпадает: 0 из 89002427, повтор...
  → Попытка 3 ...
  ⚠ Размер не совпадает: 0 из 89002427, повтор...
  → Попытка 4 ...
  ⚠ Размер не совпадает: 0 из 89002427, повтор...
  → Попытка 5 ...
  ⚠ Размер не совпадает: 0 из 89002427, повтор...
[19/88] (UZ) Ҳаракатланиш тезлиги
  → Попытка 1 ...
  ⚠ Размер не совпадает: 0 из 124366965, повтор...
  → Попытка 2 ...
  ⚠ Размер не совпадает: 0 из 124366965, повтор...
  → Попытка 3 ...
  ⚠ Размер не совпадает: 0 из 124366965, повтор...
  → Попытка 4 ...
  ⚠ Размер не совпадает: 0 из 124366965, повтор...
  → Попытка 5 ...
  ⚠ Размер не совпадает: 0 из 124366965, повтор...
[20/88] (UZ) Қувиб ўтиш
  → Попытка 1 ...
  ⚠ Размер не совпадает: 0 из 117134771, повтор...
  → Попытка 2 ...
  ⚠ Размер не совпадает: 0 из 117134771, повтор...
  → Попытка 3 ...
  ⚠ Размер не совпадает: 0 из 117134771, повтор...
  → Попытка 4 ...
  ⚠ Размер не совпадает: 0 из 117134771, повтор...
  → Попытка 5 ...
  ⚠ Размер не совпадает: 0 из 117134771, повтор...
[21/88] (UZ) Тўхташ ва тохтаб туриш
  → Попытка 1 ...
  ✓ Сохранено: 21_Тўхташ ва тохтаб туриш.mp4 (205 MB)
[22/88] (UZ) Чорраҳаларда ҳаракатланиш
  → Попытка 1 ...
  ⚠ Размер не совпадает: 0 из 43761510, повтор...
  → Попытка 2 ...
  ⚠ Размер не совпадает: 0 из 43761510, повтор...
  → Попытка 3 ...
  ⚠ Размер не совпадает: 0 из 43761510, повтор...
  → Попытка 4 ...
  ⚠ Размер не совпадает: 0 из 43761510, повтор...
  → Попытка 5 ...
  ⚠ Размер не совпадает: 0 из 43761510, повтор...
[23/88] (UZ) Тартибга солинган чорраҳа
  → Попытка 1 ...
  ⚠ Размер не совпадает: 0 из 59629625, повтор...
  → Попытка 2 ...
  ⚠ Размер не совпадает: 0 из 59629625, повтор...
  → Попытка 3 ...
  ⚠ Размер не совпадает: 0 из 59629625, повтор...
  → Попытка 4 ...
  ⚠ Размер не совпадает: 0 из 59629625, повтор...
  → Попытка 5 ...
  ⚠ Размер не совпадает: 0 из 59629625, повтор...
[24/88] (UZ) Тартибга солинмаган чорраҳалар асосий йўл йўналиши тўғрига
  → Попытка 1 ...
  ⚠ Размер не совпадает: 0 из 63334943, повтор...
  → Попытка 2 ...
  ⚠ Размер не совпадает: 0 из 63334943, повтор...
  → Попытка 3 ...
  ⚠ Размер не совпадает: 0 из 63334943, повтор...
  → Попытка 4 ...
  ⚠ Размер не совпадает: 0 из 63334943, повтор...
  → Попытка 5 ...
  ⚠ Размер не совпадает: 0 из 63334943, повтор...
[25/88] (UZ) Тартибга солинмаган чорраҳалар тенг аҳамиятли
  → Попытка 1 ...
  ⚠ Размер не совпадает: 0 из 135004909, повтор...
  → Попытка 2 ...
  ⚠ Размер не совпадает: 0 из 135004909, повтор...
  → Попытка 3 ...
  ⚠ Размер не совпадает: 0 из 135004909, повтор...
  → Попытка 4 ...
  ⚠ Размер не совпадает: 0 из 135004909, повтор...
  → Попытка 5 ...
  ⚠ Размер не совпадает: 0 из 135004909, повтор...
[26/88] (UZ) Тартибга солинмаган чорраҳалар асосий йўл йўналиши ўзгариши
  → Попытка 1 ...
  ⚠ Размер не совпадает: 0 из 91997068, повтор...
  → Попытка 2 ...
  ⚠ Размер не совпадает: 0 из 91997068, повтор...
  → Попытка 3 ...
  ⚠ Размер не совпадает: 0 из 91997068, повтор...
  → Попытка 4 ...
  ⚠ Размер не совпадает: 0 из 91997068, повтор...
  → Попытка 5 ...
  ⚠ Размер не совпадает: 0 из 91997068, повтор...
[27/88] (UZ) Пиёдаларнинг ўтиш жойлари ва йўналишли транспорт воситаларининг бекатлари
  → Попытка 1 ...
  ✓ Сохранено: 27_Пиёдаларнинг ўтиш жойлари ва йўналишли транспорт воситаларининг бекатлари.mp4 (47 MB)
[28/88] (UZ) Темир йўл кесишмалари орқали ҳаракатланиш
  → Попытка 1 ...
  ⚠ Размер не совпадает: 0 из 43861752, повтор...
  → Попытка 2 ...
  ⚠ Размер не совпадает: 0 из 43861752, повтор...
  → Попытка 3 ...
  ⚠ Размер не совпадает: 0 из 43861752, повтор...
  → Попытка 4 ...
  ⚠ Размер не совпадает: 0 из 43861752, повтор...
  → Попытка 5 ...
  ⚠ Размер не совпадает: 0 из 43861752, повтор...
[29/88] (UZ) Автомагистралларда ҳаракатланиш
  → Попытка 1 ...
  ⚠ Размер не совпадает: 0 из 25386593, повтор...
  → Попытка 2 ...
  ⚠ Размер не совпадает: 0 из 25386593, повтор...
  → Попытка 3 ...
  ⚠ Размер не совпадает: 0 из 25386593, повтор...
  → Попытка 4 ...
  ⚠ Размер не совпадает: 0 из 25386593, повтор...
  → Попытка 5 ...
  ⚠ Размер не совпадает: 0 из 25386593, повтор...
[30/88] (UZ) Турар жой даҳаларида ҳаракатланиш
  → Попытка 1 ...
  ⚠ Размер не совпадает: 0 из 18662890, повтор...
  → Попытка 2 ...
  ⚠ Размер не совпадает: 0 из 18662890, повтор...
  → Попытка 3 ...
  ⚠ Размер не совпадает: 0 из 18662890, повтор...
  → Попытка 4 ...
  ⚠ Размер не совпадает: 0 из 18662890, повтор...
  → Попытка 5 ...
  ⚠ Размер не совпадает: 0 из 18662890, повтор...
[31/88] (UZ) Тик баландлик ва нишабликларда ҳаракатланиш
  → Попытка 1 ...
  ⚠ Размер не совпадает: 0 из 7346069, повтор...
  → Попытка 2 ...
  ⚠ Размер не совпадает: 0 из 7346069, повтор...
  → Попытка 3 ...
  ⚠ Размер не совпадает: 0 из 7346069, повтор...
  → Попытка 4 ...
  ⚠ Размер не совпадает: 0 из 7346069, повтор...
  → Попытка 5 ...
  ⚠ Размер не совпадает: 0 из 7346069, повтор...
[32/88] (UZ) Йўналишли транспорт воситаларининг имтиёзлари
  → Попытка 1 ...
  ✓ Сохранено: 32_Йўналишли транспорт воситаларининг имтиёзлари.mp4 (53 MB)
[33/88] (UZ) Ташқи ёритиш асбобларидан фойдаланиш
  → Попытка 1 ...
  ⚠ Размер не совпадает: 0 из 58810328, повтор...
  → Попытка 2 ...
  ⚠ Размер не совпадает: 0 из 58810328, повтор...
  → Попытка 3 ...
  ⚠ Размер не совпадает: 0 из 58810328, повтор...
  → Попытка 4 ...
  ⚠ Размер не совпадает: 0 из 58810328, повтор...
  → Попытка 5 ...
  ⚠ Размер не совпадает: 0 из 58810328, повтор...
[34/88] (UZ) Механик транспорт воситаларини шатакка олиш
  → Попытка 1 ...
  ✓ Сохранено: 34_Механик транспорт воситаларини шатакка олиш.mp4 (57 MB)
[35/88] (UZ) Транспорт воситаларини бошқаришни ўргатиш
  → Попытка 1 ...
  ⚠ Размер не совпадает: 0 из 9600548, повтор...
  → Попытка 2 ...
  ⚠ Размер не совпадает: 0 из 9600548, повтор...
  → Попытка 3 ...
  ⚠ Размер не совпадает: 0 из 9600548, повтор...
  → Попытка 4 ...
  ⚠ Размер не совпадает: 0 из 9600548, повтор...
  → Попытка 5 ...
  ⚠ Размер не совпадает: 0 из 9600548, повтор...
[36/88] (UZ) Одам ташиш
  → Попытка 1 ...
  ✓ Сохранено: 36_Одам ташиш.mp4 (32 MB)
[37/88] (UZ) Юк ташиш
  → Попытка 1 ...
  ✓ Сохранено: 37_Юк ташиш.mp4 (37 MB)
[38/88] (UZ) Велосипед, мопед ва аравалар ҳаракатланишига, шунингдек, ҳайвонларни ҳайдаб ўтишга доир қўшимча талаблар
  → Попытка 1 ...
  ⚠ Размер не совпадает: 0 из 16226415, повтор...
  → Попытка 2 ...
  ⚠ Размер не совпадает: 0 из 16226415, повтор...
  → Попытка 3 ...
  ⚠ Размер не совпадает: 0 из 16226415, повтор...
  → Попытка 4 ...
  ⚠ Размер не совпадает: 0 из 16226415, повтор...
  → Попытка 5 ...
  ⚠ Размер не совпадает: 0 из 16226415, повтор...
[39/88] (UZ) Мансабдор шахсларнинг ва фуқароларнинг йўл ҳаракати хавфсизлигини таъминлаш, транспорт воситаларини йўлга чиқариш, рақам ва таниқли белгиларини ўрнатиш бўйича мажбуриятлари
  → Попытка 1 ...
  ⚠ Размер не совпадает: 0 из 28629008, повтор...
  → Попытка 2 ...
  ⚠ Размер не совпадает: 0 из 28629008, повтор...
  → Попытка 3 ...
  ⚠ Размер не совпадает: 0 из 28629008, повтор...
  → Попытка 4 ...
  ⚠ Размер не совпадает: 0 из 28629008, повтор...
  → Попытка 5 ...
  ⚠ Размер не совпадает: 0 из 28629008, повтор...
[40/88] (UZ) Транспорт воситаларидан фойдаланишни тақиқловчи шартлар
  → Попытка 1 ...
  ⚠ Размер не совпадает: 0 из 139519784, повтор...
  → Попытка 2 ...
  ⚠ Размер не совпадает: 0 из 139519784, повтор...
  → Попытка 3 ...
  ⚠ Размер не совпадает: 0 из 139519784, повтор...
  → Попытка 4 ...
  ⚠ Размер не совпадает: 0 из 139519784, повтор...
  → Попытка 5 ...
  ⚠ Размер не совпадает: 0 из 139519784, повтор...
[41/88] (UZ) Ҳаракат хавфсизлиги асослари
  → Попытка 1 ...
  ⚠ Размер не совпадает: 0 из 180941063, повтор...
  → Попытка 2 ...
  ⚠ Размер не совпадает: 0 из 180941063, повтор...
  → Попытка 3 ...
  ⚠ Размер не совпадает: 0 из 180941063, повтор...
  → Попытка 4 ...
  ⚠ Размер не совпадает: 0 из 180941063, повтор...
  → Попытка 5 ...
  ⚠ Размер не совпадает: 0 из 180941063, повтор...
[42/88] (UZ) Биринчи тиббий ёрдам
  → Попытка 1 ...
  ✓ Сохранено: 42_Биринчи тиббий ёрдам.mp4 (89 MB)
[43/88] (UZ) Мастер класс
  → Попытка 1 ...
  ✓ Сохранено: 43_Мастер класс.mp4 (34 MB)
[44/88] (UZ) Мастер класс
  → Попытка 1 ...
  ✓ Сохранено: 44_Мастер класс.mp4 (80 MB)
[45/88] (UZ) Қопқонли саволлар
  → Попытка 1 ...
  ⚠ Размер не совпадает: 0 из 472461835, повтор...
  → Попытка 2 ...
  ⚠ Размер не совпадает: 0 из 472461835, повтор...
  → Попытка 3 ...
  ⚠ Размер не совпадает: 0 из 472461835, повтор...
  → Попытка 4 ...
  ⚠ Размер не совпадает: 0 из 472461835, повтор...
  → Попытка 5 ...
  ⚠ Размер не совпадает: 0 из 472461835, повтор...
[46/88] (RU) Общие правила
  → Попытка 1 ...
  ✓ Сохранено: 46_Общие правила.mp4 (100 MB)
[47/88] (RU) Общие обязанности водителей
  → Попытка 1 ...
  ✓ Сохранено: 47_Общие обязанности водителей.mp4 (35 MB)
[48/88] (RU) Общие обязанности пешеходов
  → Попытка 1 ...
  ✓ Сохранено: 48_Общие обязанности пешеходов.mp4 (63 MB)
[49/88] (RU) Применение специальных сигналов
  → Попытка 1 ...
  ✓ Сохранено: 49_Применение специальных сигналов.mp4 (29 MB)
[50/88] (RU) Предупреждающие знаки
  → Попытка 1 ...
  ✓ Сохранено: 50_Предупреждающие знаки.mp4 (78 MB)
[51/88] (RU) Знаки приоритета
  → Попытка 1 ...
  ✓ Сохранено: 51_Знаки приоритета.mp4 (59 MB)
[52/88] (RU) Запрещающие знаки
  → Попытка 1 ...
  ✓ Сохранено: 52_Запрещающие знаки.mp4 (192 MB)
[53/88] (RU) Предписывающие знаки
  → Попытка 1 ...
  ✓ Сохранено: 53_Предписывающие знаки.mp4 (86 MB)
[54/88] (RU) Информационно-указательные знаки
  → Попытка 1 ...
  ✓ Сохранено: 54_Информационно-указательные знаки.mp4 (155 MB)
[55/88] (RU) Знаки сервиса и Знаки дополнительной информации
  → Попытка 1 ...
  ✓ Сохранено: 55_Знаки сервиса и Знаки дополнительной информации.mp4 (64 MB)
[56/88] (RU) Горизонтальная разметка
  → Попытка 1 ...
  ⚠ curl не завершился успешно, повтор...
  → Попытка 2 ...
  ⚠ curl не завершился успешно, повтор...
  → Попытка 3 ...
  ⚠ curl не завершился успешно, повтор...
  → Попытка 4 ...
  ⚠ curl не завершился успешно, повтор...
  → Попытка 5 ...
  ⚠ curl не завершился успешно, повтор...
[57/88] (RU) Вертикальная разметка
  → Попытка 1 ...
  ⚠ curl не завершился успешно, повтор...
  → Попытка 2 ...
  ⚠ curl не завершился успешно, повтор...
  → Попытка 3 ...
  ⚠ curl не завершился успешно, повтор...
  → Попытка 4 ...
  ⚠ curl не завершился успешно, повтор...
  → Попытка 5 ...
  ⚠ curl не завершился успешно, повтор...
[58/88] (RU) Сигналы светофора
  → Попытка 1 ...
  ⚠ curl не завершился успешно, повтор...
  → Попытка 2 ...
  ⚠ curl не завершился успешно, повтор...
  → Попытка 3 ...
  ✓ Сохранено: 58_Сигналы светофора.mp4 (49 MB)
[59/88] (RU) Сигналы регулировщика
  → Попытка 1 ...
  ⚠ curl не завершился успешно, повтор...
  → Попытка 2 ...
  ⚠ curl не завершился успешно, повтор...
  → Попытка 3 ...
  ⚠ curl не завершился успешно, повтор...
  → Попытка 4 ...
  ⚠ curl не завершился успешно, повтор...
  → Попытка 5 ...
  ✓ Сохранено: 59_Сигналы регулировщика.mp4 (58 MB)
[60/88] (RU) Аварийная сигнализация и знак аварийной остановки
  → Попытка 1 ...
  ✓ Сохранено: 60_Аварийная сигнализация и знак аварийной остановки.mp4 (28 MB)
[61/88] (RU) Начало движения, маневрирование
  → Попытка 1 ...
  ✓ Сохранено: 61_Начало движения, маневрирование.mp4 (61 MB)
[62/88] (RU) Расположение транспортных средств на проезжей части
  → Попытка 1 ...
  ⚠ curl не завершился успешно, повтор...
  → Попытка 2 ...
  ⚠ curl не завершился успешно, повтор...
  → Попытка 3 ...
  ⚠ curl не завершился успешно, повтор...
  → Попытка 4 ...
  ⚠ curl не завершился успешно, повтор...
  → Попытка 5 ...
  ⚠ curl не завершился успешно, повтор...
[63/88] (RU) Скорость движения
  → Попытка 1 ...
  ⚠ Размер не совпадает: 67463180 из 64234899, повтор...
  → Попытка 2 ...
  ⚠ Размер не совпадает: 67463180 из 64234899, повтор...
  → Попытка 3 ...
  ⚠ Размер не совпадает: 67463180 из 64234899, повтор...
  → Попытка 4 ...
  ⚠ Размер не совпадает: 67463180 из 64234899, повтор...
  → Попытка 5 ...
  ⚠ Размер не совпадает: 67463180 из 64234899, повтор...
[64/88] (RU) Обгон
  → Попытка 1 ...
  ⚠ Размер не совпадает: 90308608 из 89383352, повтор...
  → Попытка 2 ...
  ⚠ Размер не совпадает: 93650944 из 89383352, повтор...
  → Попытка 3 ...
  ⚠ Размер не совпадает: 97206272 из 89383352, повтор...
  → Попытка 4 ...
  ⚠ Размер не совпадает: 99336192 из 89383352, повтор...
  → Попытка 5 ...
  ⚠ Размер не совпадает: 101236736 из 89383352, повтор...
[65/88] (RU) Остановка и стоянка
  → Попытка 1 ...
  ⚠ Размер не совпадает: 153333760 из 152829069, повтор...
  → Попытка 2 ...
  ⚠ Размер не совпадает: 155643904 из 152829069, повтор...
  → Попытка 3 ...
  ⚠ Размер не совпадает: 158543872 из 152829069, повтор...
  → Попытка 4 ...
  ⚠ Размер не совпадает: 161116160 из 152829069, повтор...
  → Попытка 5 ...
  ⚠ Размер не совпадает: 163999744 из 152829069, повтор...
[66/88] (RU) Проезд перекрестков
  → Попытка 1 ...
  ✓ Сохранено: 66_Проезд перекрестков.mp4 (21 MB)
[67/88] (RU) Регулируемые перекрестки
  → Попытка 1 ...
  ⚠ Размер не совпадает: 51814400 из 51618800, повтор...
  → Попытка 2 ...
  ⚠ Размер не совпадает: 52552312 из 51618800, повтор...
  → Попытка 3 ...
  ⚠ Размер не совпадает: 53256824 из 51618800, повтор...
  → Попытка 4 ...
  ⚠ Размер не совпадает: 54141560 из 51618800, повтор...
  → Попытка 5 ...
  ⚠ Размер не совпадает: 55222904 из 51618800, повтор...
[68/88] (RU) Нерегулируемые перекрестки (главная дорога прямо)
  → Попытка 1 ...
  ✓ Сохранено: 68_Нерегулируемые перекрестки (главная дорога прямо).mp4 (42 MB)
[69/88] (RU) Нерегулируемые перекрестки равнозначных дорог
  → Попытка 1 ...
  ⚠ Размер не совпадает: 124010496 из 123563766, повтор...
  → Попытка 2 ...
  ⚠ Размер не совпадает: 125222912 из 123563766, повтор...
  → Попытка 3 ...
  ⚠ Размер не совпадает: 126550016 из 123563766, повтор...
  → Попытка 4 ...
  ⚠ Размер не совпадает: 128237568 из 123563766, повтор...
  → Попытка 5 ...
  ⚠ Размер не совпадает: 130088960 из 123563766, повтор...
[70/88] (RU) Нерегулируемые перекрестки (изменение направления главной дороги)
  → Попытка 1 ...
  ✓ Сохранено: 70_Нерегулируемые перекрестки (изменение направления главной дороги).mp4 (66 MB)
[71/88] (RU) Пешеходные переходы и остановки маршрутных транспортных средств
  → Попытка 1 ...
  ✓ Сохранено: 71_Пешеходные переходы и остановки маршрутных транспортных средств.mp4 (28 MB)
[72/88] (RU) Движение через железнодорожные переезды
  → Попытка 1 ...
  ⚠ Размер не совпадает: 41656320 из 41151252, повтор...
  → Попытка 2 ...
  ⚠ Размер не совпадает: 44474368 из 41151252, повтор...
  → Попытка 3 ...
  ⚠ Размер не совпадает: 47292416 из 41151252, повтор...
  → Попытка 4 ...
  ⚠ Размер не совпадает: 50143232 из 41151252, повтор...
  → Попытка 5 ...
  ⚠ Размер не совпадает: 52846592 из 41151252, повтор...
[73/88] (RU) Движение по автомагистралям
  → Попытка 1 ...
  ✓ Сохранено: 73_Движение по автомагистралям.mp4 (23 MB)
[74/88] (RU) Движение в жилых зонах
  → Попытка 1 ...
  ✓ Сохранено: 74_Движение в жилых зонах.mp4 (13 MB)
[75/88] (RU) Движение по подъемам и спускам
  → Попытка 1 ...
  ✓ Сохранено: 75_Движение по подъемам и спускам.mp4 (7 MB)
[76/88] (RU) Приоритет маршрутных транспортных средств
  → Попытка 1 ...
  ⚠ Размер не совпадает: 50905088 из 49687809, повтор...
  → Попытка 2 ...
  ⚠ Размер не совпадает: 54902784 из 49687809, повтор...
  → Попытка 3 ...
  ⚠ Размер не совпадает: 58753024 из 49687809, повтор...
  → Попытка 4 ...
  ⚠ Размер не совпадает: 62652416 из 49687809, повтор...
  → Попытка 5 ...
  ⚠ Размер не совпадает: 65826049 из 49687809, повтор...
[77/88] (RU) Пользование внешними световыми приборами
  → Попытка 1 ...
  ✓ Сохранено: 77_Пользование внешними световыми приборами.mp4 (36 MB)
[78/88] (RU) Буксировка механических транспортных средств
  → Докачиваю (есть 2 MB из 36 MB)
  → Попытка 1 ...
  ⚠ Размер не совпадает: 40782682 из 38779738, повтор...
  → Попытка 2 ...
  ⚠ Размер не совпадает: 40782682 из 38779738, повтор...
  → Попытка 3 ...
  ⚠ Размер не совпадает: 40782682 из 38779738, повтор...
  → Попытка 4 ...
  ⚠ Размер не совпадает: 40782682 из 38779738, повтор...
  → Попытка 5 ...
  ⚠ Размер не совпадает: 40782682 из 38779738, повтор...
[79/88] (RU) Учебная езда
  → Попытка 1 ...
  ✓ Сохранено: 79_Учебная езда.mp4 (8 MB)
[80/88] (RU) Перевозка людей
  → Попытка 1 ...
  ✓ Сохранено: 80_Перевозка людей.mp4 (26 MB)
[81/88] (RU) Перевозка грузов
  → Попытка 1 ...
  ⚠ Размер не совпадает: 25939968 из 25219259, повтор...
  → Попытка 2 ...
  ⚠ Размер не совпадает: 28397568 из 25219259, повтор...
  → Попытка 3 ...
  ⚠ Размер не совпадает: 31526912 из 25219259, повтор...
  → Попытка 4 ...
  ⚠ Размер не совпадает: 35115008 из 25219259, повтор...
  → Попытка 5 ...
  ⚠ Размер не совпадает: 38211584 из 25219259, повтор...
[82/88] (RU) Дополнительные требования к движению велосипедов, мопедов, гужевых повозок, а также к прогону животных
  → Попытка 1 ...
  ✓ Сохранено: 82_Дополнительные требования к движению велосипедов, мопедов, гужевых повозок, а также к прогону животных.mp4 (17 MB)
[83/88] (RU) Обязанности должностных лиц и граждан по обеспечению безопасности дорожного движения
  → Попытка 1 ...
  ✓ Сохранено: 83_Обязанности должностных лиц и граждан по обеспечению безопасности дорожного движения.mp4 (17 MB)
[84/88] (RU) Условия, запрещающие эксплуатацию транспортных средств
  → Попытка 1 ...
  ⚠ Размер не совпадает: 72522769 из 72145937, повтор...
  → Попытка 2 ...
  ⚠ Размер не совпадает: 74488849 из 72145937, повтор...
  → Попытка 3 ...
  ⚠ Размер не совпадает: 76831761 из 72145937, повтор...
  → Попытка 4 ...
  ⚠ Размер не совпадает: 79141905 из 72145937, повтор...
  → Попытка 5 ...
  ⚠ Размер не совпадает: 81648657 из 72145937, повтор...
[85/88] (RU) Основы безопасности движения
  → Попытка 1 ...
  ✓ Сохранено: 85_Основы безопасности движения.mp4 (101 MB)
[86/88] (RU) Первая медицинская помощь
  → Попытка 1 ...
  ✓ Сохранено: 86_Первая медицинская помощь.mp4 (44 MB)
[87/88] (RU) 62-билет разбор
  → Попытка 1 ...
  ⚠ Размер не совпадает: 55927759 из 55698383, повтор...
  → Попытка 2 ...
  ⚠ Размер не совпадает: 56779727 из 55698383, повтор...
  → Попытка 3 ...
  ⚠ Размер не совпадает: 57746383 из 55698383, повтор...
  → Попытка 4 ...
  ⚠ Размер не совпадает: 58860495 из 55698383, повтор...
  → Попытка 5 ...
  ⚠ Размер не совпадает: 60138447 из 55698383, повтор...
[88/88] (UZ) Автодромда қандай ҳайдаш керак?
  → Попытка 1 ...
  ⚠ Размер не совпадает: 0 из 70548847, повтор...
  → Попытка 2 ...
  ⚠ Размер не совпадает: 0 из 70548847, повтор...
  → Попытка 3 ...
  ⚠ Размер не совпадает: 0 из 70548847, повтор...
  → Попытка 4 ...
  ⚠ Размер не совпадает: 0 из 70548847, повтор...
  → Попытка 5 ...
  ⚠ Размер не совпадает: 0 из 70548847, повтор...

═══════════════════════════════════════════════════════════════
  Готово. Скачано: 45 | Пропущено: 0 | Ошибок: 43
  Папка: videos/

  Не удалось скачать:
    - [2] Умумий қоидалар
    - [3] Ҳайдовчиларнинг умумий вазифалари
    - [6] Огоҳлантирувчи белгилар
    - [8] Тақиқловчи белгилари
    - [11] Сервис ва қўшимча ахборот белгилари
    - [12] Ётиқ чизиқлар
    - [13] Тик чизиқлар
    - [16] Огоҳлантирувчи ва авария ишоралари
    - [17] Ҳаракатланишни бошлаш маневр қилиш
    - [18] Йўлning қатнов қисмида транспорт воситаларининг жойлашуви
    - [19] Ҳаракатланиш тезлиги
    - [20] Қувиб ўтиш
    - [22] Чорраҳаларда ҳаракатланиш
    - [23] Тартибга солинган чорраҳа
    - [24] Тартибга солинмаган чорраҳалар асосий йўл йўналиши тўғрига
    - [25] Тартибга солинмаган чорраҳалар тенг аҳамиятли
    - [26] Тартибга солинмаган чорраҳалар асосий йўл йўналиши ўзгариши
    - [28] Темир йўл кесишмалари орқали ҳаракатланиш
    - [29] Автомагистралларда ҳаракатланиш
    - [30] Турар жой даҳаларида ҳаракатланиш
    - [31] Тик баландлик ва нишабликларда ҳаракатланиш
    - [33] Ташқи ёритиш асбобларидан фойдаланиш
    - [35] Транспорт воситаларини бошқаришни ўргатиш
    - [38] Велосипед, мопед ва аравалар ҳаракатланишига, шунингдек, ҳайвонларни ҳайдаб ўтишга доир қўшимча талаблар
    - [39] Мансабдор шахсларнинг ва фуқароларнинг йўл ҳаракати хавфсизлигини таъминлаш, транспорт воситаларини йўлга чиқариш, рақам ва таниқли белгиларини ўрнатиш бўйича мажбуриятлари
    - [40] Транспорт воситаларидан фойдаланишни тақиқловчи шартлар
    - [41] Ҳаракат хавфсизлиги асослари
    - [45] Қопқонли саволлар
    - [56] Горизонтальная разметка
    - [57] Вертикальная разметка
    - [62] Расположение транспортных средств на проезжей части
    - [63] Скорость движения
    - [64] Обгон
    - [65] Остановка и стоянка
    - [67] Регулируемые перекрестки
    - [69] Нерегулируемые перекрестки равнозначных дорог
    - [72] Движение через железнодорожные переезды
    - [76] Приоритет маршрутных транспортных средств
    - [78] Буксировка механических транспортных средств
    - [81] Перевозка грузов
    - [84] Условия, запрещающие эксплуатацию транспортных средств
    - [87] 62-билет разбор
    - [88] Автодромда қандай ҳайдаш керак?

  Повторите запуск — докачает недостающие: ./download.sh
═══════════════════════════════════════════════════════════════
