Папка материалов: C:\Users\tumod\ZCodeProject\yodla-scraper\materials

═══ ЗНАКИ ═══
Категорий: 8 | Знаков: 274
[1/8] Предупреждающие знаки (44 знаков) — скачиваю картинки...
[2/8] Знаки приоритета (9 знаков) — скачиваю картинки...
[3/8] Запрещающие знаки (36 знаков) — скачиваю картинки...
[4/8] Предписывающие знаки (24 знаков) — скачиваю картинки...
[5/8] Информационные знаки (70 знаков) — скачиваю картинки...
[6/8] Знаки дополнительной информации (36 знаков) — скачиваю картинки...
[7/8] Знаки сервиса (30 знаков) — скачиваю картинки...
[8/8] Временные знаки (25 знаков) — скачиваю картинки...

Картинки знаков: скачано 822, ошибок 0

═══ ШТРАФЫ ═══
Категорий: 15 | Штрафов: 45
[1/15] ДТП (3 нарушений)
[2/15] Алкоголь и наркотики (4 нарушений)
[3/15] Документы (3 нарушений)
[4/15] Поведение за рулём (1 нарушений)
[5/15] Правила полос движения (3 нарушений)
[6/15] Обгон (2 нарушений)
[7/15] Остановка и стоянка (1 нарушений)
[8/15] Пешеходы (2 нарушений)
[9/15] Использование телефона (1 нарушений)
[10/15] Регистрация и госномера (2 нарушений)
[11/15] Дорожное хулиганство (2 нарушений)
[12/15] Оборудование безопасности (5 нарушений)
[13/15] Скорость (8 нарушений)
[14/15] Тонировка (2 нарушений)
[15/15] Светофоры и дорожные знаки (6 нарушений)

═══ ГОТОВО ═══
Папка: C:\Users\tumod\ZCodeProject\yodla-scraper\materials
