Папка: C:\Users\tumod\ZCodeProject\yodla-scraper\ТРЕНИРОВКИ

═══ ТЕМЫ ═══
Тем: 42
  [1/42] Общие правила — 51 вопросов ✓
  [2/42] Общие обязанности водителей — 13 вопросов ✓
  [3/42] Общие обязанности пешеходов — 18 вопросов ✓
  [4/42] Преимущества специальных транспортных средств — 11 вопросов ✓
  [5/42] Предупреждающие знаки — 36 вопросов ✓
  [6/42] Знаки приоритета — 19 вопросов ✓
  [7/42] Запрещающие знаки — 62 вопросов ✓
  [8/42] Предписывающие знаки — 31 вопросов ✓
  [9/42] Информационно-указательные знаки — 60 вопросов ✓
  [10/42] Знаки сервиса — 1 вопросов ✓
  [11/42] Знаки дополнительной информации — 37 вопросов ✓
  [12/42] Горизонтальная разметка — 72 вопросов ✓
  [13/42] Вертикальная разметка — 5 вопросов ✓
  [14/42] Сигналы светофора — 39 вопросов ✓
  [15/42] Сигналы регулировщика — 31 вопросов ✓
  [16/42] Аварийная сигнализация и знак аварийной остановки — 25 вопросов ✓
  [17/42] Начало движения, маневрирование — 56 вопросов ✓
  [18/42] Расположение транспортных средств на проезжей части — 42 вопросов ✓
  [19/42] Скорость движения — 37 вопросов ✓
  [20/42] Обгон — 35 вопросов ✓
  [21/42] Остановка и стоянка — 72 вопросов ✓
  [22/42] Проезд перекрестков — 14 вопросов ✓
  [23/42] Регулируемые перекрестки — 20 вопросов ✓
  [24/42] Нерегулируемые перекрестки (главная дорога прямо) — 18 вопросов ✓
  [25/42] Нерегулируемые перекрестки равнозначных дорог — 49 вопросов ✓
  [26/42] Нерегулируемые перекрестки (изменение направления главной дороги) — 30 вопросов ✓
  [27/42] Пешеходные переходы и остановки маршрутных транспортных средств — 14 вопросов ✓
  [28/42] Движение через железнодорожные переезды — 18 вопросов ✓
  [29/42] Движение по автомагистралям — 15 вопросов ✓
  [30/42] Движение в жилых зонах — 9 вопросов ✓
  [31/42] Движение по подъемам и спускам — 3 вопросов ✓
  [32/42] Приоритет маршрутных транспортных средств — 21 вопросов ✓
  [33/42] Пользование внешними световыми приборами — 22 вопросов ✓
  [34/42] Буксировка механических транспортных средств — 28 вопросов ✓
  [35/42] Учебная езда — 7 вопросов ✓
  [36/42] Перевозка людей — 20 вопросов ✓
  [37/42] Перевозка грузов — 17 вопросов ✓
  [38/42] Дополнительные требования к движению велосипедов, мопедов, гужевых повозок, а также к прогону животных — 13 вопросов ✓
  [39/42] Обязанности должностных лиц и граждан по обеспечению безопасности дорожного движения — 13 вопросов ✓
  [40/42] Условия, запрещающие эксплуатацию транспортных средств — 46 вопросов ✓
  [41/42] Основы безопасности движения — 69 вопросов ✓
  [42/42] Первая медицинская помощь — 34 вопросов ✓
Темы: всего 1233 вопросов

═══ БИЛЕТЫ ═══
Билетов: 64
  [1/64] Bilet 1 — 20 вопросов ✓
  [2/64] Bilet 2 — 20 вопросов ✓
  [3/64] Bilet 3 — 20 вопросов ✓
  [4/64] Bilet 4 — 20 вопросов ✓
  [5/64] Bilet 5 — 20 вопросов ✓
  [6/64] Bilet 6 — 20 вопросов ✓
  [7/64] Bilet 7 — 20 вопросов ✓
  [8/64] Bilet 8 — 20 вопросов ✓
  [9/64] Bilet 9 — 20 вопросов ✓
  [10/64] Bilet 10 — 20 вопросов ✓
  [11/64] Bilet 11 — 20 вопросов ✓
  [12/64] Bilet 12 — 20 вопросов ✓
  [13/64] Bilet 13 — 20 вопросов ✓
  [14/64] Bilet 14 — 20 вопросов ✓
  [15/64] Bilet 15 — 20 вопросов ✓
  [16/64] Bilet 16 — 20 вопросов ✓
  [17/64] Bilet 17 — 20 вопросов ✓
  [18/64] Bilet 18 — 20 вопросов ✓
  [19/64] Bilet 19 — 20 вопросов ✓
  [20/64] Bilet 20 — 20 вопросов ✓
  [21/64] Bilet 21 — 20 вопросов ✓
  [22/64] Bilet 22 — 20 вопросов ✓
  [23/64] Bilet 23 — 20 вопросов ✓
  [24/64] Bilet 24 — 20 вопросов ✓
  [25/64] Bilet 25 — 20 вопросов ✓
  [26/64] Bilet 26 — 20 вопросов ✓
  [27/64] Bilet 27 — 20 вопросов ✓
  [28/64] Bilet 28 — 20 вопросов ✓
  [29/64] Bilet 29 — 20 вопросов ✓
  [30/64] Bilet 30 — 20 вопросов ✓
  [31/64] Bilet 31 — 20 вопросов ✓
  [32/64] Bilet 32 — 20 вопросов ✓
  [33/64] Bilet 33 — 20 вопросов ✓
  [34/64] Bilet 34 — 20 вопросов ✓
  [35/64] Bilet 35 — 20 вопросов ✓
  [36/64] Bilet 36 — 20 вопросов ✓
  [37/64] Bilet 37 — 20 вопросов ✓
  [38/64] Bilet 38 — 20 вопросов ✓
  [39/64] Bilet 39 — 20 вопросов ✓
  [40/64] Bilet 40 — 20 вопросов ✓
  [41/64] Bilet 41 — 20 вопросов ✓
  [42/64] Bilet 42 — 20 вопросов ✓
  [43/64] Bilet 43 — 20 вопросов ✓
  [44/64] Bilet 44 — 20 вопросов ✓
  [45/64] Bilet 45 — 20 вопросов ✓
  [46/64] Bilet 46 — 20 вопросов ✓
  [47/64] Bilet 47 — 20 вопросов ✓
  [48/64] Bilet 48 — 20 вопросов ✓
  [49/64] Bilet 49 — 20 вопросов ✓
  [50/64] Bilet 50 — 20 вопросов ✓
  [51/64] Bilet 51 (PRO) — 20 вопросов ✓
  [52/64] Bilet 52 (PRO) — 20 вопросов ✓
  [53/64] Bilet 53 (PRO) — 20 вопросов ✓
  [54/64] Bilet 54 (PRO) — 20 вопросов ✓
  [55/64] Bilet 55 (PRO) — 20 вопросов ✓
  [56/64] Bilet 56 (PRO) — 20 вопросов ✓
  [57/64] Bilet 57 (PRO) — 20 вопросов ✓
  [58/64] Bilet 58 (PRO) — 20 вопросов ✓
  [59/64] Bilet 59 (PRO) — 20 вопросов ✓
  [60/64] Bilet 60 (PRO) — 20 вопросов ✓
  [61/64] Bilet 61 (PRO) — 20 вопросов ✓
  [62/64] Bilet 62 (PRO) — 20 вопросов ✓
  [63/64] Bilet 63 (PRO) — 20 вопросов ✓
  [64/64] Bilet 64 (PRO) — 4 вопросов ✓
Билеты: всего 1264 вопросов, ошибок 0

═══ КОВЕРЕЗНЫЕ ВОПРОСЫ ═══
  219 вопросов ✓

═══ МАРАФОН ═══
  20 вопросов ✓

═══ ЭКЗАМЕН ═══
  RU — 20 вопросов ✓
  UZ — 20 вопросов ✓
  OZ — 20 вопросов ✓

═══ ИТОГ ═══
Папка: C:\Users\tumod\ZCodeProject\yodla-scraper\ТРЕНИРОВКИ
  themes: 1233 вопросов
  tickets: 1264 вопросов
  tricky: 219 вопросов
  marathon: 20 вопросов
  exam: 60 вопросов
